// Jest Snapshot v1, https://goo.gl/fbAQLP

exports[`add breakpoint 1`] = `
[
  {
    "id": 2,
    "jsonrpc": "2.0",
    "result": [
      {
        "file": "@loop_test.lua",
        "func": "main",
        "id": "loop_test.lua",
        "line": 11,
      },
    ],
  },
  {
    "id": 4,
    "jsonrpc": "2.0",
    "result": [
      {
        "file": "@loop_test.lua",
        "func": "main",
        "id": "loop_test.lua",
        "line": 11,
      },
    ],
  },
  {
    "id": 6,
    "jsonrpc": "2.0",
    "result": [
      {
        "file": "@loop_test.lua",
        "func": "main",
        "id": "loop_test.lua",
        "line": 11,
      },
    ],
  },
  {
    "id": 8,
    "jsonrpc": "2.0",
    "result": [
      {
        "file": "@loop_test.lua",
        "func": "main",
        "id": "loop_test.lua",
        "line": 11,
      },
    ],
  },
  {
    "id": 10,
    "jsonrpc": "2.0",
    "result": [
      {
        "file": "@loop_test.lua",
        "func": "main",
        "id": "loop_test.lua",
        "line": 11,
      },
    ],
  },
  {
    "id": 12,
    "jsonrpc": "2.0",
    "result": [
      {
        "file": "@loop_test.lua",
        "func": "main",
        "id": "loop_test.lua",
        "line": 11,
      },
    ],
  },
  {
    "id": 14,
    "jsonrpc": "2.0",
    "result": [
      {
        "file": "@loop_test.lua",
        "func": "main",
        "id": "loop_test.lua",
        "line": 11,
      },
    ],
  },
  {
    "id": 16,
    "jsonrpc": "2.0",
    "result": [
      {
        "file": "@loop_test.lua",
        "func": "main",
        "id": "loop_test.lua",
        "line": 11,
      },
    ],
  },
  {
    "id": 18,
    "jsonrpc": "2.0",
    "result": [
      {
        "file": "@loop_test.lua",
        "func": "main",
        "id": "loop_test.lua",
        "line": 11,
      },
    ],
  },
  {
    "id": 20,
    "jsonrpc": "2.0",
    "result": [
      {
        "file": "@loop_test.lua",
        "func": "main",
        "id": "loop_test.lua",
        "line": 11,
      },
    ],
  },
]
`;

exports[`basic script break_coroutine_test1.lua step 1`] = `
[
  {
    "id": 0,
    "jsonrpc": "2.0",
    "result": [
      {
        "file": "@break_coroutine_test1.lua",
        "func": "main",
        "id": "break_coroutine_test1.lua",
        "line": 1,
      },
    ],
  },
  {
    "id": 2,
    "jsonrpc": "2.0",
    "result": [
      {
        "file": "@break_coroutine_test1.lua",
        "func": "main",
        "id": "break_coroutine_test1.lua",
        "line": 1,
      },
    ],
  },
  {
    "id": 4,
    "jsonrpc": "2.0",
    "result": [
      {
        "file": "@break_coroutine_test1.lua",
        "func": "main",
        "id": "break_coroutine_test1.lua",
        "line": 7,
      },
    ],
  },
  {
    "id": 6,
    "jsonrpc": "2.0",
    "result": [
      {
        "file": "@break_coroutine_test1.lua",
        "func": "main",
        "id": "break_coroutine_test1.lua",
        "line": 2,
      },
    ],
  },
  {
    "id": 8,
    "jsonrpc": "2.0",
    "result": [
      {
        "file": "@break_coroutine_test1.lua",
        "func": "main",
        "id": "break_coroutine_test1.lua",
        "line": 9,
      },
    ],
  },
  {
    "id": 10,
    "jsonrpc": "2.0",
    "result": [
      {
        "file": "@break_coroutine_test1.lua",
        "func": "main",
        "id": "break_coroutine_test1.lua",
        "line": 10,
      },
    ],
  },
  {
    "id": 12,
    "jsonrpc": "2.0",
    "result": [
      {
        "file": "@break_coroutine_test1.lua",
        "func": "Lua",
        "id": "break_coroutine_test1.lua",
        "line": 3,
      },
    ],
  },
  {
    "id": 14,
    "jsonrpc": "2.0",
    "result": [
      {
        "file": "@break_coroutine_test1.lua",
        "func": "Lua",
        "id": "break_coroutine_test1.lua",
        "line": 4,
      },
    ],
  },
  {
    "id": 16,
    "jsonrpc": "2.0",
    "result": [
      {
        "file": "@break_coroutine_test1.lua",
        "func": "Lua",
        "id": "break_coroutine_test1.lua",
        "line": 5,
      },
    ],
  },
  {
    "id": 18,
    "jsonrpc": "2.0",
    "result": [
      {
        "file": "@break_coroutine_test1.lua",
        "func": "Lua",
        "id": "break_coroutine_test1.lua",
        "line": 6,
      },
    ],
  },
  {
    "id": 20,
    "jsonrpc": "2.0",
    "result": [
      {
        "file": "@break_coroutine_test1.lua",
        "func": "Lua",
        "id": "break_coroutine_test1.lua",
        "line": 7,
      },
    ],
  },
]
`;

exports[`basic script break_coroutine_test1.lua stepIn 1`] = `
[
  {
    "id": 0,
    "jsonrpc": "2.0",
    "result": [
      {
        "file": "@break_coroutine_test1.lua",
        "func": "main",
        "id": "break_coroutine_test1.lua",
        "line": 1,
      },
    ],
  },
  {
    "id": 2,
    "jsonrpc": "2.0",
    "result": [
      {
        "file": "@break_coroutine_test1.lua",
        "func": "main",
        "id": "break_coroutine_test1.lua",
        "line": 1,
      },
    ],
  },
  {
    "id": 4,
    "jsonrpc": "2.0",
    "result": [
      {
        "file": "@break_coroutine_test1.lua",
        "func": "main",
        "id": "break_coroutine_test1.lua",
        "line": 7,
      },
    ],
  },
  {
    "id": 6,
    "jsonrpc": "2.0",
    "result": [
      {
        "file": "@break_coroutine_test1.lua",
        "func": "main",
        "id": "break_coroutine_test1.lua",
        "line": 2,
      },
    ],
  },
  {
    "id": 8,
    "jsonrpc": "2.0",
    "result": [
      {
        "file": "@break_coroutine_test1.lua",
        "func": "main",
        "id": "break_coroutine_test1.lua",
        "line": 9,
      },
    ],
  },
  {
    "id": 10,
    "jsonrpc": "2.0",
    "result": [
      {
        "file": "@break_coroutine_test1.lua",
        "func": "main",
        "id": "break_coroutine_test1.lua",
        "line": 10,
      },
    ],
  },
  {
    "id": 12,
    "jsonrpc": "2.0",
    "result": [
      {
        "file": "@break_coroutine_test1.lua",
        "func": "Lua",
        "id": "break_coroutine_test1.lua",
        "line": 3,
      },
    ],
  },
  {
    "id": 14,
    "jsonrpc": "2.0",
    "result": [
      {
        "file": "@break_coroutine_test1.lua",
        "func": "Lua",
        "id": "break_coroutine_test1.lua",
        "line": 4,
      },
    ],
  },
  {
    "id": 16,
    "jsonrpc": "2.0",
    "result": [
      {
        "file": "@break_coroutine_test1.lua",
        "func": "Lua",
        "id": "break_coroutine_test1.lua",
        "line": 5,
      },
    ],
  },
  {
    "id": 18,
    "jsonrpc": "2.0",
    "result": [
      {
        "file": "@break_coroutine_test1.lua",
        "func": "Lua",
        "id": "break_coroutine_test1.lua",
        "line": 6,
      },
    ],
  },
  {
    "id": 20,
    "jsonrpc": "2.0",
    "result": [
      {
        "file": "@break_coroutine_test1.lua",
        "func": "Lua",
        "id": "break_coroutine_test1.lua",
        "line": 7,
      },
    ],
  },
]
`;

exports[`basic script loop_test.lua step 1`] = `
[
  {
    "id": 0,
    "jsonrpc": "2.0",
    "result": [
      {
        "file": "@loop_test.lua",
        "func": "main",
        "id": "loop_test.lua",
        "line": 1,
      },
    ],
  },
  {
    "id": 2,
    "jsonrpc": "2.0",
    "result": [
      {
        "file": "@loop_test.lua",
        "func": "main",
        "id": "loop_test.lua",
        "line": 1,
      },
    ],
  },
  {
    "id": 4,
    "jsonrpc": "2.0",
    "result": [
      {
        "file": "@loop_test.lua",
        "func": "main",
        "id": "loop_test.lua",
        "line": 8,
      },
    ],
  },
  {
    "id": 6,
    "jsonrpc": "2.0",
    "result": [
      {
        "file": "@loop_test.lua",
        "func": "main",
        "id": "loop_test.lua",
        "line": 3,
      },
    ],
  },
  {
    "id": 8,
    "jsonrpc": "2.0",
    "result": [
      {
        "file": "@loop_test.lua",
        "func": "main",
        "id": "loop_test.lua",
        "line": 10,
      },
    ],
  },
  {
    "id": 10,
    "jsonrpc": "2.0",
    "result": [
      {
        "file": "@loop_test.lua",
        "func": "main",
        "id": "loop_test.lua",
        "line": 11,
      },
    ],
  },
  {
    "id": 12,
    "jsonrpc": "2.0",
    "result": [
      {
        "file": "@loop_test.lua",
        "func": "main",
        "id": "loop_test.lua",
        "line": 10,
      },
    ],
  },
  {
    "id": 14,
    "jsonrpc": "2.0",
    "result": [
      {
        "file": "@loop_test.lua",
        "func": "main",
        "id": "loop_test.lua",
        "line": 11,
      },
    ],
  },
  {
    "id": 16,
    "jsonrpc": "2.0",
    "result": [
      {
        "file": "@loop_test.lua",
        "func": "main",
        "id": "loop_test.lua",
        "line": 10,
      },
    ],
  },
  {
    "id": 18,
    "jsonrpc": "2.0",
    "result": [
      {
        "file": "@loop_test.lua",
        "func": "main",
        "id": "loop_test.lua",
        "line": 11,
      },
    ],
  },
  {
    "id": 20,
    "jsonrpc": "2.0",
    "result": [
      {
        "file": "@loop_test.lua",
        "func": "main",
        "id": "loop_test.lua",
        "line": 10,
      },
    ],
  },
  {
    "id": 22,
    "jsonrpc": "2.0",
    "result": [
      {
        "file": "@loop_test.lua",
        "func": "main",
        "id": "loop_test.lua",
        "line": 11,
      },
    ],
  },
  {
    "id": 24,
    "jsonrpc": "2.0",
    "result": [
      {
        "file": "@loop_test.lua",
        "func": "main",
        "id": "loop_test.lua",
        "line": 10,
      },
    ],
  },
  {
    "id": 26,
    "jsonrpc": "2.0",
    "result": [
      {
        "file": "@loop_test.lua",
        "func": "main",
        "id": "loop_test.lua",
        "line": 11,
      },
    ],
  },
  {
    "id": 28,
    "jsonrpc": "2.0",
    "result": [
      {
        "file": "@loop_test.lua",
        "func": "main",
        "id": "loop_test.lua",
        "line": 10,
      },
    ],
  },
  {
    "id": 30,
    "jsonrpc": "2.0",
    "result": [
      {
        "file": "@loop_test.lua",
        "func": "main",
        "id": "loop_test.lua",
        "line": 11,
      },
    ],
  },
  {
    "id": 32,
    "jsonrpc": "2.0",
    "result": [
      {
        "file": "@loop_test.lua",
        "func": "main",
        "id": "loop_test.lua",
        "line": 10,
      },
    ],
  },
  {
    "id": 34,
    "jsonrpc": "2.0",
    "result": [
      {
        "file": "@loop_test.lua",
        "func": "main",
        "id": "loop_test.lua",
        "line": 11,
      },
    ],
  },
  {
    "id": 36,
    "jsonrpc": "2.0",
    "result": [
      {
        "file": "@loop_test.lua",
        "func": "main",
        "id": "loop_test.lua",
        "line": 10,
      },
    ],
  },
  {
    "id": 38,
    "jsonrpc": "2.0",
    "result": [
      {
        "file": "@loop_test.lua",
        "func": "main",
        "id": "loop_test.lua",
        "line": 11,
      },
    ],
  },
  {
    "id": 40,
    "jsonrpc": "2.0",
    "result": [
      {
        "file": "@loop_test.lua",
        "func": "main",
        "id": "loop_test.lua",
        "line": 10,
      },
    ],
  },
  {
    "id": 42,
    "jsonrpc": "2.0",
    "result": [
      {
        "file": "@loop_test.lua",
        "func": "main",
        "id": "loop_test.lua",
        "line": 11,
      },
    ],
  },
  {
    "id": 44,
    "jsonrpc": "2.0",
    "result": [
      {
        "file": "@loop_test.lua",
        "func": "main",
        "id": "loop_test.lua",
        "line": 10,
      },
    ],
  },
  {
    "id": 46,
    "jsonrpc": "2.0",
    "result": [
      {
        "file": "@loop_test.lua",
        "func": "main",
        "id": "loop_test.lua",
        "line": 11,
      },
    ],
  },
  {
    "id": 48,
    "jsonrpc": "2.0",
    "result": [
      {
        "file": "@loop_test.lua",
        "func": "main",
        "id": "loop_test.lua",
        "line": 10,
      },
    ],
  },
  {
    "id": 50,
    "jsonrpc": "2.0",
    "result": [
      {
        "file": "@loop_test.lua",
        "func": "main",
        "id": "loop_test.lua",
        "line": 12,
      },
    ],
  },
]
`;

exports[`basic script loop_test.lua stepIn 1`] = `
[
  {
    "id": 0,
    "jsonrpc": "2.0",
    "result": [
      {
        "file": "@loop_test.lua",
        "func": "main",
        "id": "loop_test.lua",
        "line": 1,
      },
    ],
  },
  {
    "id": 2,
    "jsonrpc": "2.0",
    "result": [
      {
        "file": "@loop_test.lua",
        "func": "main",
        "id": "loop_test.lua",
        "line": 1,
      },
    ],
  },
  {
    "id": 4,
    "jsonrpc": "2.0",
    "result": [
      {
        "file": "@loop_test.lua",
        "func": "main",
        "id": "loop_test.lua",
        "line": 8,
      },
    ],
  },
  {
    "id": 6,
    "jsonrpc": "2.0",
    "result": [
      {
        "file": "@loop_test.lua",
        "func": "main",
        "id": "loop_test.lua",
        "line": 3,
      },
    ],
  },
  {
    "id": 8,
    "jsonrpc": "2.0",
    "result": [
      {
        "file": "@loop_test.lua",
        "func": "main",
        "id": "loop_test.lua",
        "line": 10,
      },
    ],
  },
  {
    "id": 10,
    "jsonrpc": "2.0",
    "result": [
      {
        "file": "@loop_test.lua",
        "func": "main",
        "id": "loop_test.lua",
        "line": 11,
      },
    ],
  },
  {
    "id": 12,
    "jsonrpc": "2.0",
    "result": [
      {
        "file": "@loop_test.lua",
        "func": "testfn",
        "id": "loop_test.lua",
        "line": 4,
      },
      {
        "file": "@loop_test.lua",
        "func": "main",
        "id": "loop_test.lua",
        "line": 11,
      },
    ],
  },
  {
    "id": 14,
    "jsonrpc": "2.0",
    "result": [
      {
        "file": "@loop_test.lua",
        "func": "testfn",
        "id": "loop_test.lua",
        "line": 5,
      },
      {
        "file": "@loop_test.lua",
        "func": "main",
        "id": "loop_test.lua",
        "line": 11,
      },
    ],
  },
  {
    "id": 16,
    "jsonrpc": "2.0",
    "result": [
      {
        "file": "@loop_test.lua",
        "func": "testfn",
        "id": "loop_test.lua",
        "line": 6,
      },
      {
        "file": "@loop_test.lua",
        "func": "main",
        "id": "loop_test.lua",
        "line": 11,
      },
    ],
  },
  {
    "id": 18,
    "jsonrpc": "2.0",
    "result": [
      {
        "file": "@loop_test.lua",
        "func": "testfn",
        "id": "loop_test.lua",
        "line": 7,
      },
      {
        "file": "@loop_test.lua",
        "func": "main",
        "id": "loop_test.lua",
        "line": 11,
      },
    ],
  },
  {
    "id": 20,
    "jsonrpc": "2.0",
    "result": [
      {
        "file": "@loop_test.lua",
        "func": "testfn",
        "id": "loop_test.lua",
        "line": 8,
      },
      {
        "file": "@loop_test.lua",
        "func": "main",
        "id": "loop_test.lua",
        "line": 11,
      },
    ],
  },
  {
    "id": 22,
    "jsonrpc": "2.0",
    "result": [
      {
        "file": "@loop_test.lua",
        "func": "main",
        "id": "loop_test.lua",
        "line": 10,
      },
    ],
  },
  {
    "id": 24,
    "jsonrpc": "2.0",
    "result": [
      {
        "file": "@loop_test.lua",
        "func": "main",
        "id": "loop_test.lua",
        "line": 11,
      },
    ],
  },
  {
    "id": 26,
    "jsonrpc": "2.0",
    "result": [
      {
        "file": "@loop_test.lua",
        "func": "testfn",
        "id": "loop_test.lua",
        "line": 4,
      },
      {
        "file": "@loop_test.lua",
        "func": "main",
        "id": "loop_test.lua",
        "line": 11,
      },
    ],
  },
  {
    "id": 28,
    "jsonrpc": "2.0",
    "result": [
      {
        "file": "@loop_test.lua",
        "func": "testfn",
        "id": "loop_test.lua",
        "line": 5,
      },
      {
        "file": "@loop_test.lua",
        "func": "main",
        "id": "loop_test.lua",
        "line": 11,
      },
    ],
  },
  {
    "id": 30,
    "jsonrpc": "2.0",
    "result": [
      {
        "file": "@loop_test.lua",
        "func": "testfn",
        "id": "loop_test.lua",
        "line": 6,
      },
      {
        "file": "@loop_test.lua",
        "func": "main",
        "id": "loop_test.lua",
        "line": 11,
      },
    ],
  },
  {
    "id": 32,
    "jsonrpc": "2.0",
    "result": [
      {
        "file": "@loop_test.lua",
        "func": "testfn",
        "id": "loop_test.lua",
        "line": 7,
      },
      {
        "file": "@loop_test.lua",
        "func": "main",
        "id": "loop_test.lua",
        "line": 11,
      },
    ],
  },
  {
    "id": 34,
    "jsonrpc": "2.0",
    "result": [
      {
        "file": "@loop_test.lua",
        "func": "testfn",
        "id": "loop_test.lua",
        "line": 8,
      },
      {
        "file": "@loop_test.lua",
        "func": "main",
        "id": "loop_test.lua",
        "line": 11,
      },
    ],
  },
  {
    "id": 36,
    "jsonrpc": "2.0",
    "result": [
      {
        "file": "@loop_test.lua",
        "func": "main",
        "id": "loop_test.lua",
        "line": 10,
      },
    ],
  },
  {
    "id": 38,
    "jsonrpc": "2.0",
    "result": [
      {
        "file": "@loop_test.lua",
        "func": "main",
        "id": "loop_test.lua",
        "line": 11,
      },
    ],
  },
  {
    "id": 40,
    "jsonrpc": "2.0",
    "result": [
      {
        "file": "@loop_test.lua",
        "func": "testfn",
        "id": "loop_test.lua",
        "line": 4,
      },
      {
        "file": "@loop_test.lua",
        "func": "main",
        "id": "loop_test.lua",
        "line": 11,
      },
    ],
  },
  {
    "id": 42,
    "jsonrpc": "2.0",
    "result": [
      {
        "file": "@loop_test.lua",
        "func": "testfn",
        "id": "loop_test.lua",
        "line": 5,
      },
      {
        "file": "@loop_test.lua",
        "func": "main",
        "id": "loop_test.lua",
        "line": 11,
      },
    ],
  },
  {
    "id": 44,
    "jsonrpc": "2.0",
    "result": [
      {
        "file": "@loop_test.lua",
        "func": "testfn",
        "id": "loop_test.lua",
        "line": 6,
      },
      {
        "file": "@loop_test.lua",
        "func": "main",
        "id": "loop_test.lua",
        "line": 11,
      },
    ],
  },
  {
    "id": 46,
    "jsonrpc": "2.0",
    "result": [
      {
        "file": "@loop_test.lua",
        "func": "testfn",
        "id": "loop_test.lua",
        "line": 7,
      },
      {
        "file": "@loop_test.lua",
        "func": "main",
        "id": "loop_test.lua",
        "line": 11,
      },
    ],
  },
  {
    "id": 48,
    "jsonrpc": "2.0",
    "result": [
      {
        "file": "@loop_test.lua",
        "func": "testfn",
        "id": "loop_test.lua",
        "line": 8,
      },
      {
        "file": "@loop_test.lua",
        "func": "main",
        "id": "loop_test.lua",
        "line": 11,
      },
    ],
  },
  {
    "id": 50,
    "jsonrpc": "2.0",
    "result": [
      {
        "file": "@loop_test.lua",
        "func": "main",
        "id": "loop_test.lua",
        "line": 10,
      },
    ],
  },
  {
    "id": 52,
    "jsonrpc": "2.0",
    "result": [
      {
        "file": "@loop_test.lua",
        "func": "main",
        "id": "loop_test.lua",
        "line": 11,
      },
    ],
  },
  {
    "id": 54,
    "jsonrpc": "2.0",
    "result": [
      {
        "file": "@loop_test.lua",
        "func": "testfn",
        "id": "loop_test.lua",
        "line": 4,
      },
      {
        "file": "@loop_test.lua",
        "func": "main",
        "id": "loop_test.lua",
        "line": 11,
      },
    ],
  },
  {
    "id": 56,
    "jsonrpc": "2.0",
    "result": [
      {
        "file": "@loop_test.lua",
        "func": "testfn",
        "id": "loop_test.lua",
        "line": 5,
      },
      {
        "file": "@loop_test.lua",
        "func": "main",
        "id": "loop_test.lua",
        "line": 11,
      },
    ],
  },
  {
    "id": 58,
    "jsonrpc": "2.0",
    "result": [
      {
        "file": "@loop_test.lua",
        "func": "testfn",
        "id": "loop_test.lua",
        "line": 6,
      },
      {
        "file": "@loop_test.lua",
        "func": "main",
        "id": "loop_test.lua",
        "line": 11,
      },
    ],
  },
  {
    "id": 60,
    "jsonrpc": "2.0",
    "result": [
      {
        "file": "@loop_test.lua",
        "func": "testfn",
        "id": "loop_test.lua",
        "line": 7,
      },
      {
        "file": "@loop_test.lua",
        "func": "main",
        "id": "loop_test.lua",
        "line": 11,
      },
    ],
  },
  {
    "id": 62,
    "jsonrpc": "2.0",
    "result": [
      {
        "file": "@loop_test.lua",
        "func": "testfn",
        "id": "loop_test.lua",
        "line": 8,
      },
      {
        "file": "@loop_test.lua",
        "func": "main",
        "id": "loop_test.lua",
        "line": 11,
      },
    ],
  },
  {
    "id": 64,
    "jsonrpc": "2.0",
    "result": [
      {
        "file": "@loop_test.lua",
        "func": "main",
        "id": "loop_test.lua",
        "line": 10,
      },
    ],
  },
  {
    "id": 66,
    "jsonrpc": "2.0",
    "result": [
      {
        "file": "@loop_test.lua",
        "func": "main",
        "id": "loop_test.lua",
        "line": 11,
      },
    ],
  },
  {
    "id": 68,
    "jsonrpc": "2.0",
    "result": [
      {
        "file": "@loop_test.lua",
        "func": "testfn",
        "id": "loop_test.lua",
        "line": 4,
      },
      {
        "file": "@loop_test.lua",
        "func": "main",
        "id": "loop_test.lua",
        "line": 11,
      },
    ],
  },
  {
    "id": 70,
    "jsonrpc": "2.0",
    "result": [
      {
        "file": "@loop_test.lua",
        "func": "testfn",
        "id": "loop_test.lua",
        "line": 5,
      },
      {
        "file": "@loop_test.lua",
        "func": "main",
        "id": "loop_test.lua",
        "line": 11,
      },
    ],
  },
  {
    "id": 72,
    "jsonrpc": "2.0",
    "result": [
      {
        "file": "@loop_test.lua",
        "func": "testfn",
        "id": "loop_test.lua",
        "line": 6,
      },
      {
        "file": "@loop_test.lua",
        "func": "main",
        "id": "loop_test.lua",
        "line": 11,
      },
    ],
  },
  {
    "id": 74,
    "jsonrpc": "2.0",
    "result": [
      {
        "file": "@loop_test.lua",
        "func": "testfn",
        "id": "loop_test.lua",
        "line": 7,
      },
      {
        "file": "@loop_test.lua",
        "func": "main",
        "id": "loop_test.lua",
        "line": 11,
      },
    ],
  },
  {
    "id": 76,
    "jsonrpc": "2.0",
    "result": [
      {
        "file": "@loop_test.lua",
        "func": "testfn",
        "id": "loop_test.lua",
        "line": 8,
      },
      {
        "file": "@loop_test.lua",
        "func": "main",
        "id": "loop_test.lua",
        "line": 11,
      },
    ],
  },
  {
    "id": 78,
    "jsonrpc": "2.0",
    "result": [
      {
        "file": "@loop_test.lua",
        "func": "main",
        "id": "loop_test.lua",
        "line": 10,
      },
    ],
  },
  {
    "id": 80,
    "jsonrpc": "2.0",
    "result": [
      {
        "file": "@loop_test.lua",
        "func": "main",
        "id": "loop_test.lua",
        "line": 11,
      },
    ],
  },
  {
    "id": 82,
    "jsonrpc": "2.0",
    "result": [
      {
        "file": "@loop_test.lua",
        "func": "testfn",
        "id": "loop_test.lua",
        "line": 4,
      },
      {
        "file": "@loop_test.lua",
        "func": "main",
        "id": "loop_test.lua",
        "line": 11,
      },
    ],
  },
  {
    "id": 84,
    "jsonrpc": "2.0",
    "result": [
      {
        "file": "@loop_test.lua",
        "func": "testfn",
        "id": "loop_test.lua",
        "line": 5,
      },
      {
        "file": "@loop_test.lua",
        "func": "main",
        "id": "loop_test.lua",
        "line": 11,
      },
    ],
  },
  {
    "id": 86,
    "jsonrpc": "2.0",
    "result": [
      {
        "file": "@loop_test.lua",
        "func": "testfn",
        "id": "loop_test.lua",
        "line": 6,
      },
      {
        "file": "@loop_test.lua",
        "func": "main",
        "id": "loop_test.lua",
        "line": 11,
      },
    ],
  },
  {
    "id": 88,
    "jsonrpc": "2.0",
    "result": [
      {
        "file": "@loop_test.lua",
        "func": "testfn",
        "id": "loop_test.lua",
        "line": 7,
      },
      {
        "file": "@loop_test.lua",
        "func": "main",
        "id": "loop_test.lua",
        "line": 11,
      },
    ],
  },
  {
    "id": 90,
    "jsonrpc": "2.0",
    "result": [
      {
        "file": "@loop_test.lua",
        "func": "testfn",
        "id": "loop_test.lua",
        "line": 8,
      },
      {
        "file": "@loop_test.lua",
        "func": "main",
        "id": "loop_test.lua",
        "line": 11,
      },
    ],
  },
  {
    "id": 92,
    "jsonrpc": "2.0",
    "result": [
      {
        "file": "@loop_test.lua",
        "func": "main",
        "id": "loop_test.lua",
        "line": 10,
      },
    ],
  },
  {
    "id": 94,
    "jsonrpc": "2.0",
    "result": [
      {
        "file": "@loop_test.lua",
        "func": "main",
        "id": "loop_test.lua",
        "line": 11,
      },
    ],
  },
  {
    "id": 96,
    "jsonrpc": "2.0",
    "result": [
      {
        "file": "@loop_test.lua",
        "func": "testfn",
        "id": "loop_test.lua",
        "line": 4,
      },
      {
        "file": "@loop_test.lua",
        "func": "main",
        "id": "loop_test.lua",
        "line": 11,
      },
    ],
  },
  {
    "id": 98,
    "jsonrpc": "2.0",
    "result": [
      {
        "file": "@loop_test.lua",
        "func": "testfn",
        "id": "loop_test.lua",
        "line": 5,
      },
      {
        "file": "@loop_test.lua",
        "func": "main",
        "id": "loop_test.lua",
        "line": 11,
      },
    ],
  },
  {
    "id": 100,
    "jsonrpc": "2.0",
    "result": [
      {
        "file": "@loop_test.lua",
        "func": "testfn",
        "id": "loop_test.lua",
        "line": 6,
      },
      {
        "file": "@loop_test.lua",
        "func": "main",
        "id": "loop_test.lua",
        "line": 11,
      },
    ],
  },
  {
    "id": 102,
    "jsonrpc": "2.0",
    "result": [
      {
        "file": "@loop_test.lua",
        "func": "testfn",
        "id": "loop_test.lua",
        "line": 7,
      },
      {
        "file": "@loop_test.lua",
        "func": "main",
        "id": "loop_test.lua",
        "line": 11,
      },
    ],
  },
  {
    "id": 104,
    "jsonrpc": "2.0",
    "result": [
      {
        "file": "@loop_test.lua",
        "func": "testfn",
        "id": "loop_test.lua",
        "line": 8,
      },
      {
        "file": "@loop_test.lua",
        "func": "main",
        "id": "loop_test.lua",
        "line": 11,
      },
    ],
  },
  {
    "id": 106,
    "jsonrpc": "2.0",
    "result": [
      {
        "file": "@loop_test.lua",
        "func": "main",
        "id": "loop_test.lua",
        "line": 10,
      },
    ],
  },
  {
    "id": 108,
    "jsonrpc": "2.0",
    "result": [
      {
        "file": "@loop_test.lua",
        "func": "main",
        "id": "loop_test.lua",
        "line": 11,
      },
    ],
  },
  {
    "id": 110,
    "jsonrpc": "2.0",
    "result": [
      {
        "file": "@loop_test.lua",
        "func": "testfn",
        "id": "loop_test.lua",
        "line": 4,
      },
      {
        "file": "@loop_test.lua",
        "func": "main",
        "id": "loop_test.lua",
        "line": 11,
      },
    ],
  },
  {
    "id": 112,
    "jsonrpc": "2.0",
    "result": [
      {
        "file": "@loop_test.lua",
        "func": "testfn",
        "id": "loop_test.lua",
        "line": 5,
      },
      {
        "file": "@loop_test.lua",
        "func": "main",
        "id": "loop_test.lua",
        "line": 11,
      },
    ],
  },
  {
    "id": 114,
    "jsonrpc": "2.0",
    "result": [
      {
        "file": "@loop_test.lua",
        "func": "testfn",
        "id": "loop_test.lua",
        "line": 6,
      },
      {
        "file": "@loop_test.lua",
        "func": "main",
        "id": "loop_test.lua",
        "line": 11,
      },
    ],
  },
  {
    "id": 116,
    "jsonrpc": "2.0",
    "result": [
      {
        "file": "@loop_test.lua",
        "func": "testfn",
        "id": "loop_test.lua",
        "line": 7,
      },
      {
        "file": "@loop_test.lua",
        "func": "main",
        "id": "loop_test.lua",
        "line": 11,
      },
    ],
  },
  {
    "id": 118,
    "jsonrpc": "2.0",
    "result": [
      {
        "file": "@loop_test.lua",
        "func": "testfn",
        "id": "loop_test.lua",
        "line": 8,
      },
      {
        "file": "@loop_test.lua",
        "func": "main",
        "id": "loop_test.lua",
        "line": 11,
      },
    ],
  },
  {
    "id": 120,
    "jsonrpc": "2.0",
    "result": [
      {
        "file": "@loop_test.lua",
        "func": "main",
        "id": "loop_test.lua",
        "line": 10,
      },
    ],
  },
  {
    "id": 122,
    "jsonrpc": "2.0",
    "result": [
      {
        "file": "@loop_test.lua",
        "func": "main",
        "id": "loop_test.lua",
        "line": 11,
      },
    ],
  },
  {
    "id": 124,
    "jsonrpc": "2.0",
    "result": [
      {
        "file": "@loop_test.lua",
        "func": "testfn",
        "id": "loop_test.lua",
        "line": 4,
      },
      {
        "file": "@loop_test.lua",
        "func": "main",
        "id": "loop_test.lua",
        "line": 11,
      },
    ],
  },
  {
    "id": 126,
    "jsonrpc": "2.0",
    "result": [
      {
        "file": "@loop_test.lua",
        "func": "testfn",
        "id": "loop_test.lua",
        "line": 5,
      },
      {
        "file": "@loop_test.lua",
        "func": "main",
        "id": "loop_test.lua",
        "line": 11,
      },
    ],
  },
  {
    "id": 128,
    "jsonrpc": "2.0",
    "result": [
      {
        "file": "@loop_test.lua",
        "func": "testfn",
        "id": "loop_test.lua",
        "line": 6,
      },
      {
        "file": "@loop_test.lua",
        "func": "main",
        "id": "loop_test.lua",
        "line": 11,
      },
    ],
  },
  {
    "id": 130,
    "jsonrpc": "2.0",
    "result": [
      {
        "file": "@loop_test.lua",
        "func": "testfn",
        "id": "loop_test.lua",
        "line": 7,
      },
      {
        "file": "@loop_test.lua",
        "func": "main",
        "id": "loop_test.lua",
        "line": 11,
      },
    ],
  },
  {
    "id": 132,
    "jsonrpc": "2.0",
    "result": [
      {
        "file": "@loop_test.lua",
        "func": "testfn",
        "id": "loop_test.lua",
        "line": 8,
      },
      {
        "file": "@loop_test.lua",
        "func": "main",
        "id": "loop_test.lua",
        "line": 11,
      },
    ],
  },
  {
    "id": 134,
    "jsonrpc": "2.0",
    "result": [
      {
        "file": "@loop_test.lua",
        "func": "main",
        "id": "loop_test.lua",
        "line": 10,
      },
    ],
  },
  {
    "id": 136,
    "jsonrpc": "2.0",
    "result": [
      {
        "file": "@loop_test.lua",
        "func": "main",
        "id": "loop_test.lua",
        "line": 11,
      },
    ],
  },
  {
    "id": 138,
    "jsonrpc": "2.0",
    "result": [
      {
        "file": "@loop_test.lua",
        "func": "testfn",
        "id": "loop_test.lua",
        "line": 4,
      },
      {
        "file": "@loop_test.lua",
        "func": "main",
        "id": "loop_test.lua",
        "line": 11,
      },
    ],
  },
  {
    "id": 140,
    "jsonrpc": "2.0",
    "result": [
      {
        "file": "@loop_test.lua",
        "func": "testfn",
        "id": "loop_test.lua",
        "line": 5,
      },
      {
        "file": "@loop_test.lua",
        "func": "main",
        "id": "loop_test.lua",
        "line": 11,
      },
    ],
  },
  {
    "id": 142,
    "jsonrpc": "2.0",
    "result": [
      {
        "file": "@loop_test.lua",
        "func": "testfn",
        "id": "loop_test.lua",
        "line": 6,
      },
      {
        "file": "@loop_test.lua",
        "func": "main",
        "id": "loop_test.lua",
        "line": 11,
      },
    ],
  },
  {
    "id": 144,
    "jsonrpc": "2.0",
    "result": [
      {
        "file": "@loop_test.lua",
        "func": "testfn",
        "id": "loop_test.lua",
        "line": 7,
      },
      {
        "file": "@loop_test.lua",
        "func": "main",
        "id": "loop_test.lua",
        "line": 11,
      },
    ],
  },
  {
    "id": 146,
    "jsonrpc": "2.0",
    "result": [
      {
        "file": "@loop_test.lua",
        "func": "testfn",
        "id": "loop_test.lua",
        "line": 8,
      },
      {
        "file": "@loop_test.lua",
        "func": "main",
        "id": "loop_test.lua",
        "line": 11,
      },
    ],
  },
  {
    "id": 148,
    "jsonrpc": "2.0",
    "result": [
      {
        "file": "@loop_test.lua",
        "func": "main",
        "id": "loop_test.lua",
        "line": 10,
      },
    ],
  },
  {
    "id": 150,
    "jsonrpc": "2.0",
    "result": [
      {
        "file": "@loop_test.lua",
        "func": "main",
        "id": "loop_test.lua",
        "line": 12,
      },
    ],
  },
]
`;

exports[`basic script require_module.lua step 1`] = `
[
  {
    "id": 0,
    "jsonrpc": "2.0",
    "result": [
      {
        "file": "@require_module.lua",
        "func": "main",
        "id": "require_module.lua",
        "line": 1,
      },
    ],
  },
  {
    "id": 2,
    "jsonrpc": "2.0",
    "result": [
      {
        "file": "@require_module.lua",
        "func": "main",
        "id": "require_module.lua",
        "line": 1,
      },
    ],
  },
  {
    "id": 4,
    "jsonrpc": "2.0",
    "result": [
      {
        "file": "@require_module.lua",
        "func": "main",
        "id": "require_module.lua",
        "line": 2,
      },
    ],
  },
]
`;

exports[`basic script require_module.lua stepIn 1`] = `
[
  {
    "id": 0,
    "jsonrpc": "2.0",
    "result": [
      {
        "file": "@require_module.lua",
        "func": "main",
        "id": "require_module.lua",
        "line": 1,
      },
    ],
  },
  {
    "id": 2,
    "jsonrpc": "2.0",
    "result": [
      {
        "file": "@require_module.lua",
        "func": "main",
        "id": "require_module.lua",
        "line": 1,
      },
    ],
  },
  {
    "id": 4,
    "jsonrpc": "2.0",
    "result": [
      {
        "file": "@./loadmodule.lua",
        "func": "main",
        "id": "./loadmodule.lua",
        "line": 1,
      },
      {
        "file": "=[C]",
        "func": "require",
        "id": "[C]",
        "line": -1,
      },
      {
        "file": "@require_module.lua",
        "func": "main",
        "id": "require_module.lua",
        "line": 1,
      },
    ],
  },
  {
    "id": 6,
    "jsonrpc": "2.0",
    "result": [
      {
        "file": "@./loadmodule.lua",
        "func": "main",
        "id": "./loadmodule.lua",
        "line": 2,
      },
      {
        "file": "=[C]",
        "func": "require",
        "id": "[C]",
        "line": -1,
      },
      {
        "file": "@require_module.lua",
        "func": "main",
        "id": "require_module.lua",
        "line": 1,
      },
    ],
  },
  {
    "id": 8,
    "jsonrpc": "2.0",
    "result": [
      {
        "file": "@./loadmodule.lua",
        "func": "main",
        "id": "./loadmodule.lua",
        "line": 3,
      },
      {
        "file": "=[C]",
        "func": "require",
        "id": "[C]",
        "line": -1,
      },
      {
        "file": "@require_module.lua",
        "func": "main",
        "id": "require_module.lua",
        "line": 1,
      },
    ],
  },
  {
    "id": 10,
    "jsonrpc": "2.0",
    "result": [
      {
        "file": "@require_module.lua",
        "func": "main",
        "id": "require_module.lua",
        "line": 2,
      },
    ],
  },
]
`;

exports[`basic script step_in_test1.lua step 1`] = `
[
  {
    "id": 0,
    "jsonrpc": "2.0",
    "result": [
      {
        "file": "@step_in_test1.lua",
        "func": "main",
        "id": "step_in_test1.lua",
        "line": 1,
      },
    ],
  },
  {
    "id": 2,
    "jsonrpc": "2.0",
    "result": [
      {
        "file": "@step_in_test1.lua",
        "func": "main",
        "id": "step_in_test1.lua",
        "line": 1,
      },
    ],
  },
  {
    "id": 4,
    "jsonrpc": "2.0",
    "result": [
      {
        "file": "@step_in_test1.lua",
        "func": "main",
        "id": "step_in_test1.lua",
        "line": 7,
      },
    ],
  },
  {
    "id": 6,
    "jsonrpc": "2.0",
    "result": [
      {
        "file": "@step_in_test1.lua",
        "func": "main",
        "id": "step_in_test1.lua",
        "line": 2,
      },
    ],
  },
  {
    "id": 8,
    "jsonrpc": "2.0",
    "result": [
      {
        "file": "@step_in_test1.lua",
        "func": "main",
        "id": "step_in_test1.lua",
        "line": 9,
      },
    ],
  },
]
`;

exports[`basic script step_in_test1.lua stepIn 1`] = `
[
  {
    "id": 0,
    "jsonrpc": "2.0",
    "result": [
      {
        "file": "@step_in_test1.lua",
        "func": "main",
        "id": "step_in_test1.lua",
        "line": 1,
      },
    ],
  },
  {
    "id": 2,
    "jsonrpc": "2.0",
    "result": [
      {
        "file": "@step_in_test1.lua",
        "func": "main",
        "id": "step_in_test1.lua",
        "line": 1,
      },
    ],
  },
  {
    "id": 4,
    "jsonrpc": "2.0",
    "result": [
      {
        "file": "@step_in_test1.lua",
        "func": "main",
        "id": "step_in_test1.lua",
        "line": 7,
      },
    ],
  },
  {
    "id": 6,
    "jsonrpc": "2.0",
    "result": [
      {
        "file": "@step_in_test1.lua",
        "func": "main",
        "id": "step_in_test1.lua",
        "line": 2,
      },
    ],
  },
  {
    "id": 8,
    "jsonrpc": "2.0",
    "result": [
      {
        "file": "@step_in_test1.lua",
        "func": "main",
        "id": "step_in_test1.lua",
        "line": 9,
      },
    ],
  },
  {
    "id": 10,
    "jsonrpc": "2.0",
    "result": [
      {
        "file": "@step_in_test1.lua",
        "func": "testfn",
        "id": "step_in_test1.lua",
        "line": 3,
      },
      {
        "file": "@step_in_test1.lua",
        "func": "main",
        "id": "step_in_test1.lua",
        "line": 9,
      },
    ],
  },
  {
    "id": 12,
    "jsonrpc": "2.0",
    "result": [
      {
        "file": "@step_in_test1.lua",
        "func": "testfn",
        "id": "step_in_test1.lua",
        "line": 4,
      },
      {
        "file": "@step_in_test1.lua",
        "func": "main",
        "id": "step_in_test1.lua",
        "line": 9,
      },
    ],
  },
  {
    "id": 14,
    "jsonrpc": "2.0",
    "result": [
      {
        "file": "@step_in_test1.lua",
        "func": "testfn",
        "id": "step_in_test1.lua",
        "line": 5,
      },
      {
        "file": "@step_in_test1.lua",
        "func": "main",
        "id": "step_in_test1.lua",
        "line": 9,
      },
    ],
  },
  {
    "id": 16,
    "jsonrpc": "2.0",
    "result": [
      {
        "file": "@step_in_test1.lua",
        "func": "testfn",
        "id": "step_in_test1.lua",
        "line": 6,
      },
      {
        "file": "@step_in_test1.lua",
        "func": "main",
        "id": "step_in_test1.lua",
        "line": 9,
      },
    ],
  },
  {
    "id": 18,
    "jsonrpc": "2.0",
    "result": [
      {
        "file": "@step_in_test1.lua",
        "func": "testfn",
        "id": "step_in_test1.lua",
        "line": 7,
      },
      {
        "file": "@step_in_test1.lua",
        "func": "main",
        "id": "step_in_test1.lua",
        "line": 9,
      },
    ],
  },
]
`;

exports[`basic script table.lua step 1`] = `
[
  {
    "id": 0,
    "jsonrpc": "2.0",
    "result": [
      {
        "file": "@table.lua",
        "func": "main",
        "id": "table.lua",
        "line": 1,
      },
    ],
  },
  {
    "id": 2,
    "jsonrpc": "2.0",
    "result": [
      {
        "file": "@table.lua",
        "func": "main",
        "id": "table.lua",
        "line": 1,
      },
    ],
  },
  {
    "id": 4,
    "jsonrpc": "2.0",
    "result": [
      {
        "file": "@table.lua",
        "func": "main",
        "id": "table.lua",
        "line": 2,
      },
    ],
  },
  {
    "id": 6,
    "jsonrpc": "2.0",
    "result": [
      {
        "file": "@table.lua",
        "func": "main",
        "id": "table.lua",
        "line": 3,
      },
    ],
  },
]
`;

exports[`basic script table.lua stepIn 1`] = `
[
  {
    "id": 0,
    "jsonrpc": "2.0",
    "result": [
      {
        "file": "@table.lua",
        "func": "main",
        "id": "table.lua",
        "line": 1,
      },
    ],
  },
  {
    "id": 2,
    "jsonrpc": "2.0",
    "result": [
      {
        "file": "@table.lua",
        "func": "main",
        "id": "table.lua",
        "line": 1,
      },
    ],
  },
  {
    "id": 4,
    "jsonrpc": "2.0",
    "result": [
      {
        "file": "@table.lua",
        "func": "main",
        "id": "table.lua",
        "line": 2,
      },
    ],
  },
  {
    "id": 6,
    "jsonrpc": "2.0",
    "result": [
      {
        "file": "@table.lua",
        "func": "main",
        "id": "table.lua",
        "line": 3,
      },
    ],
  },
]
`;

exports[`basic script vaarg_test1.lua step 1`] = `
[
  {
    "id": 0,
    "jsonrpc": "2.0",
    "result": [
      {
        "file": "@vaarg_test1.lua",
        "func": "main",
        "id": "vaarg_test1.lua",
        "line": 1,
      },
    ],
  },
  {
    "id": 2,
    "jsonrpc": "2.0",
    "result": [
      {
        "file": "@vaarg_test1.lua",
        "func": "main",
        "id": "vaarg_test1.lua",
        "line": 1,
      },
    ],
  },
  {
    "id": 4,
    "jsonrpc": "2.0",
    "result": [
      {
        "file": "@vaarg_test1.lua",
        "func": "main",
        "id": "vaarg_test1.lua",
        "line": 8,
      },
    ],
  },
  {
    "id": 6,
    "jsonrpc": "2.0",
    "result": [
      {
        "file": "@vaarg_test1.lua",
        "func": "main",
        "id": "vaarg_test1.lua",
        "line": 2,
      },
    ],
  },
  {
    "id": 8,
    "jsonrpc": "2.0",
    "result": [
      {
        "file": "@vaarg_test1.lua",
        "func": "main",
        "id": "vaarg_test1.lua",
        "line": 10,
      },
    ],
  },
]
`;

exports[`basic script vaarg_test1.lua stepIn 1`] = `
[
  {
    "id": 0,
    "jsonrpc": "2.0",
    "result": [
      {
        "file": "@vaarg_test1.lua",
        "func": "main",
        "id": "vaarg_test1.lua",
        "line": 1,
      },
    ],
  },
  {
    "id": 2,
    "jsonrpc": "2.0",
    "result": [
      {
        "file": "@vaarg_test1.lua",
        "func": "main",
        "id": "vaarg_test1.lua",
        "line": 1,
      },
    ],
  },
  {
    "id": 4,
    "jsonrpc": "2.0",
    "result": [
      {
        "file": "@vaarg_test1.lua",
        "func": "main",
        "id": "vaarg_test1.lua",
        "line": 8,
      },
    ],
  },
  {
    "id": 6,
    "jsonrpc": "2.0",
    "result": [
      {
        "file": "@vaarg_test1.lua",
        "func": "main",
        "id": "vaarg_test1.lua",
        "line": 2,
      },
    ],
  },
  {
    "id": 8,
    "jsonrpc": "2.0",
    "result": [
      {
        "file": "@vaarg_test1.lua",
        "func": "main",
        "id": "vaarg_test1.lua",
        "line": 10,
      },
    ],
  },
  {
    "id": 10,
    "jsonrpc": "2.0",
    "result": [
      {
        "file": "@vaarg_test1.lua",
        "func": "testfn",
        "id": "vaarg_test1.lua",
        "line": 3,
      },
      {
        "file": "@vaarg_test1.lua",
        "func": "main",
        "id": "vaarg_test1.lua",
        "line": 10,
      },
    ],
  },
  {
    "id": 12,
    "jsonrpc": "2.0",
    "result": [
      {
        "file": "@vaarg_test1.lua",
        "func": "testfn",
        "id": "vaarg_test1.lua",
        "line": 4,
      },
      {
        "file": "@vaarg_test1.lua",
        "func": "main",
        "id": "vaarg_test1.lua",
        "line": 10,
      },
    ],
  },
  {
    "id": 14,
    "jsonrpc": "2.0",
    "result": [
      {
        "file": "@vaarg_test1.lua",
        "func": "testfn",
        "id": "vaarg_test1.lua",
        "line": 5,
      },
      {
        "file": "@vaarg_test1.lua",
        "func": "main",
        "id": "vaarg_test1.lua",
        "line": 10,
      },
    ],
  },
  {
    "id": 16,
    "jsonrpc": "2.0",
    "result": [
      {
        "file": "@vaarg_test1.lua",
        "func": "testfn",
        "id": "vaarg_test1.lua",
        "line": 6,
      },
      {
        "file": "@vaarg_test1.lua",
        "func": "main",
        "id": "vaarg_test1.lua",
        "line": 10,
      },
    ],
  },
  {
    "id": 18,
    "jsonrpc": "2.0",
    "result": [
      {
        "file": "@vaarg_test1.lua",
        "func": "testfn",
        "id": "vaarg_test1.lua",
        "line": 7,
      },
      {
        "file": "@vaarg_test1.lua",
        "func": "main",
        "id": "vaarg_test1.lua",
        "line": 10,
      },
    ],
  },
]
`;

exports[`eval 1`] = `
{
  "id": 2,
  "jsonrpc": "2.0",
  "result": [
    4,
    1,
    2,
    null,
  ],
}
`;

exports[`get global 1`] = `"Lua 5.3"`;

exports[`get step_out 1`] = `
{
  "id": 3,
  "jsonrpc": "2.0",
  "result": [
    {
      "file": "@step_out_test1.lua",
      "func": "main",
      "id": "step_out_test1.lua",
      "line": 11,
    },
  ],
}
`;

exports[`get upvalues 1`] = `
{
  "id": 2,
  "jsonrpc": "2.0",
  "result": {
    "value": 1,
  },
}
`;

exports[`script step_in_test1.lua getLocalVariable 1`] = `
[
  [
    {
      "id": 1,
      "jsonrpc": "2.0",
      "result": {
        "(*vararg)": [
          "arg1",
          "arg2",
        ],
      },
    },
  ],
  [
    {
      "id": 4,
      "jsonrpc": "2.0",
      "result": {
        "(*vararg)": [
          "arg1",
          "arg2",
        ],
      },
    },
  ],
  [
    {
      "id": 7,
      "jsonrpc": "2.0",
      "result": {
        "(*vararg)": [
          "arg1",
          "arg2",
        ],
        "value": 1,
      },
    },
  ],
  [
    {
      "id": 10,
      "jsonrpc": "2.0",
      "result": {
        "(*vararg)": [
          "arg1",
          "arg2",
        ],
        "value": 1,
      },
    },
  ],
  [
    {
      "id": 13,
      "jsonrpc": "2.0",
      "result": {
        "(*vararg)": [
          "arg1",
          "arg2",
        ],
        "value": 1,
      },
    },
  ],
  [
    {
      "id": 16,
      "jsonrpc": "2.0",
      "result": {},
    },
    {
      "id": 17,
      "jsonrpc": "2.0",
      "result": {
        "(*vararg)": [
          "arg1",
          "arg2",
        ],
        "value": 1,
      },
    },
  ],
  [
    {
      "id": 20,
      "jsonrpc": "2.0",
      "result": {
        "local_value1": 1,
      },
    },
    {
      "id": 21,
      "jsonrpc": "2.0",
      "result": {
        "(*vararg)": [
          "arg1",
          "arg2",
        ],
        "value": 1,
      },
    },
  ],
  [
    {
      "id": 24,
      "jsonrpc": "2.0",
      "result": {
        "local_value1": 1,
        "local_value2": "abc",
      },
    },
    {
      "id": 25,
      "jsonrpc": "2.0",
      "result": {
        "(*vararg)": [
          "arg1",
          "arg2",
        ],
        "value": 1,
      },
    },
  ],
  [
    {
      "id": 28,
      "jsonrpc": "2.0",
      "result": {
        "local_value1": 1,
        "local_value2": "abc",
        "local_value3": 4234.33,
      },
    },
    {
      "id": 29,
      "jsonrpc": "2.0",
      "result": {
        "(*vararg)": [
          "arg1",
          "arg2",
        ],
        "value": 1,
      },
    },
  ],
  [
    {
      "id": 32,
      "jsonrpc": "2.0",
      "result": {
        "local_value1": 1,
        "local_value2": "abc",
        "local_value3": 4234.33,
        "local_value4": [
          4234.3,
        ],
      },
    },
    {
      "id": 33,
      "jsonrpc": "2.0",
      "result": {
        "(*vararg)": [
          "arg1",
          "arg2",
        ],
        "value": 1,
      },
    },
  ],
]
`;

exports[`script vaarg_test1.lua getLocalVariable 1`] = `
[
  [
    {
      "id": 1,
      "jsonrpc": "2.0",
      "result": {
        "(*vararg)": [
          "arg1",
          "arg2",
        ],
      },
    },
  ],
  [
    {
      "id": 4,
      "jsonrpc": "2.0",
      "result": {
        "(*vararg)": [
          "arg1",
          "arg2",
        ],
      },
    },
  ],
  [
    {
      "id": 7,
      "jsonrpc": "2.0",
      "result": {
        "(*vararg)": [
          "arg1",
          "arg2",
        ],
        "value": 1,
      },
    },
  ],
  [
    {
      "id": 10,
      "jsonrpc": "2.0",
      "result": {
        "(*vararg)": [
          "arg1",
          "arg2",
        ],
        "value": 1,
      },
    },
  ],
  [
    {
      "id": 13,
      "jsonrpc": "2.0",
      "result": {
        "(*vararg)": [
          "arg1",
          "arg2",
        ],
        "value": 1,
      },
    },
  ],
  [
    {
      "id": 16,
      "jsonrpc": "2.0",
      "result": {
        "(*vararg)": [
          1,
          3,
        ],
        "v1": 2,
      },
    },
    {
      "id": 17,
      "jsonrpc": "2.0",
      "result": {
        "(*vararg)": [
          "arg1",
          "arg2",
        ],
        "value": 1,
      },
    },
  ],
  [
    {
      "id": 20,
      "jsonrpc": "2.0",
      "result": {
        "(*vararg)": [
          1,
          3,
        ],
        "local_value1": 1,
        "v1": 2,
      },
    },
    {
      "id": 21,
      "jsonrpc": "2.0",
      "result": {
        "(*vararg)": [
          "arg1",
          "arg2",
        ],
        "value": 1,
      },
    },
  ],
  [
    {
      "id": 24,
      "jsonrpc": "2.0",
      "result": {
        "(*vararg)": [
          1,
          3,
        ],
        "local_value1": 1,
        "local_value2": "abc",
        "v1": 2,
      },
    },
    {
      "id": 25,
      "jsonrpc": "2.0",
      "result": {
        "(*vararg)": [
          "arg1",
          "arg2",
        ],
        "value": 1,
      },
    },
  ],
  [
    {
      "id": 28,
      "jsonrpc": "2.0",
      "result": {
        "(*vararg)": [
          1,
          3,
        ],
        "local_value1": 1,
        "local_value2": "abc",
        "local_value3": 4234.33,
        "v1": 2,
      },
    },
    {
      "id": 29,
      "jsonrpc": "2.0",
      "result": {
        "(*vararg)": [
          "arg1",
          "arg2",
        ],
        "value": 1,
      },
    },
  ],
  [
    {
      "id": 32,
      "jsonrpc": "2.0",
      "result": {
        "(*vararg)": [
          1,
          3,
        ],
        "local_value1": 1,
        "local_value2": "abc",
        "local_value3": 4234.33,
        "local_value4": [
          4234.3,
        ],
        "v1": 2,
      },
    },
    {
      "id": 33,
      "jsonrpc": "2.0",
      "result": {
        "(*vararg)": [
          "arg1",
          "arg2",
        ],
        "value": 1,
      },
    },
  ],
]
`;
